// Jest Snapshot v1, https://goo.gl/fbAQLP

exports[`should render ExpenseListItem correctly 1`] = `
<Link
  replace={false}
  to="/edit/1"
>
  <div>
    <h3>
      Gum
    </h3>
    <span>
      1st January 1970
    </span>
  </div>
  <h3>
    <p>
      Â£1.95
    </p>
  </h3>
</Link>
`;
